[11:22:42] Using SIP data feed
[11:22:42] ============================================================
[11:22:42] stonewang RTG 2.0 Live Trading -- Profit Protection + Progressive Trailing
[11:22:42] Entry: RTG (vol >= 1.5x prior) / GapGo DISABLED
[11:22:42] Exit: adaptive by RVOL tier | time 0s
[11:22:42] Window: 09:30-15:59 EST
[11:22:42] Sizing: RVOL-weighted (50%/35%/20%) | max 8 concurrent | re-entry max 0
[11:22:42] ============================================================
[11:22:42] Testing data connectivity...
[11:22:43]   SPY bar received, OK!
[11:22:43] Connectivity OK!
[11:22:43] Starting trading day: 2026-08-27 (close 16:00, force_close 15:59)
[11:22:45] Account equity: $369.55
[11:22:45] Scanning for gap stocks on 2026-08-27...
[11:25:15] After leveraged ETF filter: 13057 symbols
[11:25:15] After crypto ETF filter: 12987 symbols
[11:25:15] After EXCLUDE_SYMBOLS filter: 12983 symbols (removed 4)
[11:25:27]   Scan progress: 10/65 batches
[11:25:33]   Scan progress: 20/65 batches
[11:25:40]   Scan progress: 30/65 batches
[11:25:46]   Scan progress: 40/65 batches
[11:25:53]   Scan progress: 50/65 batches
[11:25:59]   Scan progress: 60/65 batches
[11:26:05]   Scan progress: 65/65 batches
[11:26:06] Fetched 20d avg volume for 21/21 symbols
[11:26:06] Top 21 candidates by RVOL: ['WNW', 'MIMI', 'SMTG', 'PSNYW', 'BBUL', 'DAIC', 'LTRX', 'WYFL', 'CELU', 'CRMG', 'BRNX', 'AIQU', 'INFH', 'AMKL', 'AXTL', 'OUSL', 'VNCE', 'TE', 'AXTX', 'GEMG', 'YJ']
[11:26:06]   WNW: gap +31.0%, RVOL=17.9×, open=$3.2500
[11:26:06]   MIMI: gap +27.8%, RVOL=12.8×, open=$2.3000
[11:26:06]   SMTG: gap +12.4%, RVOL=6.7×, open=$8.8000
[11:26:06]   PSNYW: gap +14.1%, RVOL=6.6×, open=$6.1400
[11:26:06]   BBUL: gap +13.3%, RVOL=4.7×, open=$12.3000
[11:26:06]   DAIC: gap +13.8%, RVOL=3.4×, open=$5.8600
[11:26:06]   LTRX: gap +17.9%, RVOL=2.9×, open=$6.6750
[11:26:06]   WYFL: gap +10.1%, RVOL=2.3×, open=$5.8000
[11:26:06]   CELU: gap +26.1%, RVOL=1.8×, open=$1.1100
[11:26:06]   CRMG: gap +23.7%, RVOL=1.6×, open=$8.3000
[11:26:06]   BRNX: gap +10.5%, RVOL=1.4×, open=$6.8950
[11:26:06]   AIQU: gap +10.7%, RVOL=0.7×, open=$18.5000
[11:26:06]   INFH: gap +11.6%, RVOL=0.6×, open=$10.1600
[11:26:06]   AMKL: gap +17.0%, RVOL=0.6×, open=$7.0800
[11:26:06]   AXTL: gap +15.2%, RVOL=0.6×, open=$3.1400
[11:26:06]   OUSL: gap +11.7%, RVOL=0.5×, open=$14.5900
[11:26:06]   VNCE: gap +18.3%, RVOL=0.5×, open=$7.5000
[11:26:06]   TE: gap +11.9%, RVOL=0.5×, open=$5.0450
[11:26:06]   AXTX: gap +15.2%, RVOL=0.4×, open=$8.1100
[11:26:06]   GEMG: gap +11.0%, RVOL=0.3×, open=$9.4000
[11:26:06]   YJ: gap +15.2%, RVOL=0.1×, open=$3.1800
[11:26:20] WebSocket stream started for 21 symbols
[11:26:20] Restored 1 existing positions: ['CRMG']
[11:26:21] BUY order submitted: DAIC 8sh, id=8b676f26-a276-48ce-b66c-b9046c2ea57d
[11:26:21] ENTRY DAIC [rtg] 8sh @ $4.7958 [RVOL=3.4× stop=3% tgt=15%]
[11:26:21] BUY order submitted: CELU 19sh, id=777ab129-ed34-4d81-a946-1da0b7e7d0d8
[11:26:22] ENTRY CELU [rtg] 19sh @ $2.0668 [RVOL=1.8× stop=3% tgt=15%]
[11:26:22] BUY order submitted: YJ 12sh, id=d64069bc-32d0-44cd-b108-2b3355471c18
[11:26:22] ENTRY YJ [rtg] 12sh @ $3.1100 [RVOL=0.1× stop=3% tgt=15%]
[11:26:32] Profit protection! Max profit was $+1.23, now $+0.97 < 85%
[11:26:35] Profit protect close CRMG, P&L=$+0.00
[11:26:37] Profit protect close DAIC, P&L=$+0.00
[11:26:40] Profit protect close CELU, P&L=$+0.00
[11:26:43] Profit protect close YJ, P&L=$+0.00
[11:26:43] ============================================================
[11:26:43] Trading day complete!
[11:26:43] Equity: $369.30 | Daily P&L: $+0.00 | Trades: 7
[11:26:43] ============================================================
[11:26:43] Daily report saved
[11:26:43] Next trading day: 2026-08-28. Sleeping until 9:15...
[11:26:43] Next event in 1308 min, sleeping...
[11:27:52] Using SIP data feed
[11:27:52] ============================================================
[11:27:52] stonewang RTG 2.0 Live Trading -- Profit Protection + Progressive Trailing
[11:27:52] Entry: RTG (vol >= 1.5x prior) / GapGo DISABLED
[11:27:52] Exit: adaptive by RVOL tier | time 0s
[11:27:52] Window: 09:30-15:59 EST
[11:27:52] Sizing: RVOL-weighted (50%/35%/20%) | max 8 concurrent | re-entry max 0
[11:27:52] ============================================================
[11:27:52] Testing data connectivity...
[11:27:54]   SPY bar received, OK!
[11:27:54] Connectivity OK!
[11:27:54] Starting trading day: 2026-08-27 (close 16:00, force_close 15:59)
[11:27:55] Account equity: $369.03
[11:27:56] Scanning for gap stocks on 2026-08-27...
[11:29:22] After leveraged ETF filter: 13057 symbols
[11:29:22] After crypto ETF filter: 12987 symbols
[11:29:22] After EXCLUDE_SYMBOLS filter: 12983 symbols (removed 4)
[11:29:29]   Scan progress: 10/65 batches
[11:29:34]   Scan progress: 20/65 batches
[11:29:40]   Scan progress: 30/65 batches
[11:29:46]   Scan progress: 40/65 batches
[11:29:51]   Scan progress: 50/65 batches
[11:29:56]   Scan progress: 60/65 batches
[11:30:00]   Scan progress: 65/65 batches
[11:30:01] Fetched 20d avg volume for 21/21 symbols
[11:30:01] Top 21 candidates by RVOL: ['WNW', 'MIMI', 'SMTG', 'PSNYW', 'BBUL', 'DAIC', 'LTRX', 'WYFL', 'CELU', 'CRMG', 'BRNX', 'AIQU', 'INFH', 'AMKL', 'AXTL', 'OUSL', 'VNCE', 'TE', 'AXTX', 'GEMG', 'YJ']
[11:30:01]   WNW: gap +31.0%, RVOL=17.9×, open=$3.2500
[11:30:01]   MIMI: gap +27.8%, RVOL=12.8×, open=$2.3000
[11:30:01]   SMTG: gap +12.4%, RVOL=6.7×, open=$8.8000
[11:30:01]   PSNYW: gap +14.1%, RVOL=6.6×, open=$6.1400
[11:30:01]   BBUL: gap +13.3%, RVOL=4.7×, open=$12.3000
[11:30:01]   DAIC: gap +13.8%, RVOL=3.4×, open=$5.8600
[11:30:01]   LTRX: gap +17.9%, RVOL=2.9×, open=$6.6750
[11:30:01]   WYFL: gap +10.1%, RVOL=2.3×, open=$5.8000
[11:30:01]   CELU: gap +26.1%, RVOL=1.8×, open=$1.1100
[11:30:01]   CRMG: gap +23.7%, RVOL=1.6×, open=$8.3000
[11:30:01]   BRNX: gap +10.5%, RVOL=1.4×, open=$6.8950
[11:30:01]   AIQU: gap +10.7%, RVOL=0.7×, open=$18.5000
[11:30:01]   INFH: gap +11.6%, RVOL=0.6×, open=$10.1600
[11:30:01]   AMKL: gap +17.0%, RVOL=0.6×, open=$7.0800
[11:30:01]   AXTL: gap +15.2%, RVOL=0.6×, open=$3.1400
[11:30:01]   OUSL: gap +11.7%, RVOL=0.5×, open=$14.5900
[11:30:01]   VNCE: gap +18.3%, RVOL=0.5×, open=$7.5000
[11:30:01]   TE: gap +11.9%, RVOL=0.5×, open=$5.0450
[11:30:01]   AXTX: gap +15.2%, RVOL=0.4×, open=$8.1100
[11:30:01]   GEMG: gap +11.0%, RVOL=0.3×, open=$9.4000
[11:30:01]   YJ: gap +15.2%, RVOL=0.1×, open=$3.1800
[11:30:16] WebSocket stream started for 21 symbols
[11:30:17] BUY order submitted: WNW 29sh, id=5c58ad16-2443-494a-b09e-130f95db1fdf
[11:30:18] ENTRY WNW [rtg] 29sh @ $3.1303 [RVOL=17.9× stop=7% tgt=50%]
[11:30:18] BUY order submitted: MIMI 34sh, id=ff531900-c9af-405b-8fe8-ce2e1bb30a06
[11:30:18] ENTRY MIMI [rtg] 34sh @ $2.7100 [RVOL=12.8× stop=7% tgt=50%]
[11:30:18] BUY order submitted: DAIC 8sh, id=e114e284-25c3-4d7a-a06a-9c1301c2726a
[11:30:19] ENTRY DAIC [rtg] 8sh @ $4.7675 [RVOL=3.4× stop=3% tgt=15%]
[11:30:20] BUY order submitted: CELU 19sh, id=887f0268-9e8d-43c7-8bbf-3d283f9aba6f
[11:30:20] ENTRY CELU [rtg] 19sh @ $2.0550 [RVOL=1.8× stop=3% tgt=15%]
[11:30:21] BUY order submitted: CRMG 4sh, id=10700fcc-0c75-4cbb-a4f1-025699432b26
[11:30:21] ENTRY CRMG [rtg] 4sh @ $9.3450 [RVOL=1.6× stop=3% tgt=15%]
[11:30:21] BUY order submitted: BRNX 5sh, id=669cc5f7-1e26-43f1-a191-c2b98260b27c
[11:30:22] ENTRY BRNX [rtg] 5sh @ $7.8387 [RVOL=1.4× stop=3% tgt=15%]
[11:30:22] BUY order submitted: VNCE 4sh, id=aaf4e3b6-9507-4fea-9c9d-8e96f5c28c12
[11:30:22] ENTRY VNCE [rtg] 4sh @ $7.5450 [RVOL=0.5× stop=3% tgt=15%]
[11:31:57] BUY order submitted: YJ 12sh, id=84e5d2bc-fe0d-45b7-998d-eb32b87cc5ab
[11:31:57] ENTRY YJ [rtg] 12sh @ $3.0700 [RVOL=0.1× stop=3% tgt=15%]
[11:32:01] SELL market failed: BRNX 5sh. - {"code":40310000,"message":"account is not allowed to short"}
[11:32:01]   Retrying BRNX via close_position()...
[11:32:02] SELL close_position also failed: BRNX - {"code":40410000,"message":"position not found: BRNX"}
[11:32:02] SELL failed for BRNX, retrying in 2s...
[11:32:05] SELL market failed: BRNX 5sh. - {"code":40310000,"message":"account is not allowed to short"}
[11:32:05]   Retrying BRNX via close_position()...
[11:32:05] SELL close_position also failed: BRNX - {"code":40410000,"message":"position not found: BRNX"}
[11:32:05] SELL stuck for BRNX (locked shares), throttling 60s
[11:32:45] SELL market failed: CELU 19sh. - {"code":40310000,"message":"account is not allowed to short"}
[11:32:45]   Retrying CELU via close_position()...
[11:32:45] SELL close_position also failed: CELU - {"code":40410000,"message":"position not found: CELU"}
[11:32:45] SELL failed for CELU, retrying in 2s...
[11:32:49] SELL market failed: CELU 19sh. - {"code":40310000,"message":"account is not allowed to short"}
[11:32:49]   Retrying CELU via close_position()...
[11:32:49] SELL close_position also failed: CELU - {"code":40410000,"message":"position not found: CELU"}
[11:32:49] SELL stuck for CELU (locked shares), throttling 60s
[11:33:51] SELL market failed: CELU 19sh. - {"code":40310000,"message":"account is not allowed to short"}
[11:33:51]   Retrying CELU via close_position()...
[11:33:51] SELL close_position also failed: CELU - {"code":40410000,"message":"position not found: CELU"}
[11:33:51] SELL failed for CELU, retrying in 2s...
[11:33:55] SELL market failed: CELU 19sh. - {"code":40310000,"message":"account is not allowed to short"}
[11:33:55]   Retrying CELU via close_position()...
[11:33:55] SELL close_position also failed: CELU - {"code":40410000,"message":"position not found: CELU"}
[11:33:55] SELL stuck for CELU (locked shares), throttling 60s
[11:34:58] SELL market failed: CELU 19sh. - {"code":40310000,"message":"account is not allowed to short"}
[11:34:58]   Retrying CELU via close_position()...
[11:34:58] SELL close_position also failed: CELU - {"code":40410000,"message":"position not found: CELU"}
[11:34:58] SELL failed for CELU, retrying in 2s...
[11:35:02] SELL market failed: CELU 19sh. - {"code":40310000,"message":"account is not allowed to short"}
[11:35:02]   Retrying CELU via close_position()...
[11:35:02] SELL close_position also failed: CELU - {"code":40410000,"message":"position not found: CELU"}
[11:35:02] SELL stuck for CELU (locked shares), throttling 60s
[11:36:04] SELL market failed: CELU 19sh. - {"code":40310000,"message":"account is not allowed to short"}
[11:36:04]   Retrying CELU via close_position()...
[11:36:04] SELL close_position also failed: CELU - {"code":40410000,"message":"position not found: CELU"}
[11:36:04] SELL failed for CELU, retrying in 2s...
[11:36:07] SELL market failed: CELU 19sh. - {"code":40310000,"message":"account is not allowed to short"}
[11:36:07]   Retrying CELU via close_position()...
[11:36:08] SELL close_position also failed: CELU - {"code":40410000,"message":"position not found: CELU"}
[11:36:08] SELL stuck for CELU (locked shares), throttling 60s
[11:37:10] SELL market failed: CELU 19sh. - {"code":40310000,"message":"account is not allowed to short"}
[11:37:10]   Retrying CELU via close_position()...
[11:37:10] SELL close_position also failed: CELU - {"code":40410000,"message":"position not found: CELU"}
[11:37:10] SELL failed for CELU, retrying in 2s...
[11:37:14] SELL market failed: CELU 19sh. - {"code":40310000,"message":"account is not allowed to short"}
[11:37:14]   Retrying CELU via close_position()...
[11:37:14] SELL close_position also failed: CELU - {"code":40410000,"message":"position not found: CELU"}
[11:37:14] SELL stuck for CELU (locked shares), throttling 60s
[11:37:38] Profit protection! Max profit was $+6.67, now $+5.47 < 85%
[11:37:41] Profit protect close WNW, P&L=$+0.00
[11:37:44] Profit protect close MIMI, P&L=$+0.00
[11:37:48] Profit protect close DAIC, P&L=$+0.00
[11:37:49] Force close failed: CELU - {"code":40410000,"message":"position not found: CELU"}
[11:37:52] Profit protect close CRMG, P&L=$+0.00
[11:37:54] Force close failed: BRNX - {"code":40410000,"message":"position not found: BRNX"}
[11:37:57] Profit protect close VNCE, P&L=$+0.00
[11:37:59] Profit protect close YJ, P&L=$+0.00
[11:37:59] ============================================================
[11:37:59] Trading day complete!
[11:37:59] Equity: $367.44 | Daily P&L: $+0.00 | Trades: 14
[11:37:59] ============================================================
[11:37:59] Daily report saved
[11:37:59] Next trading day: 2026-08-28. Sleeping until 9:15...
[11:37:59] Next event in 1297 min, sleeping...
[11:38:27] Using SIP data feed
[11:38:27] ============================================================
[11:38:27] stonewang RTG 2.0 Live Trading -- Profit Protection + Progressive Trailing
[11:38:27] Entry: RTG (vol >= 1.5x prior) / GapGo DISABLED
[11:38:27] Exit: adaptive by RVOL tier | time 0s
[11:38:27] Window: 09:30-15:59 EST
[11:38:27] Sizing: RVOL-weighted (50%/35%/20%) | max 8 concurrent | re-entry max 0
[11:38:27] ============================================================
[11:38:27] Testing data connectivity...
[11:38:28]   SPY bar received, OK!
[11:38:28] Connectivity OK!
[11:38:28] Starting trading day: 2026-08-27 (close 16:00, force_close 15:59)
[11:38:29] Account equity: $370.14
[11:38:31] Scanning for gap stocks on 2026-08-27...
[11:39:56] After leveraged ETF filter: 13057 symbols
[11:39:56] After crypto ETF filter: 12987 symbols
[11:39:56] After EXCLUDE_SYMBOLS filter: 12983 symbols (removed 4)
[11:40:09]   Scan progress: 10/65 batches
[11:40:20]   Scan progress: 20/65 batches
[11:40:31]   Scan progress: 30/65 batches
[11:40:41]   Scan progress: 40/65 batches
[11:40:51]   Scan progress: 50/65 batches
[11:41:01]   Scan progress: 60/65 batches
[11:41:07]   Scan progress: 65/65 batches
[11:41:08] Fetched 20d avg volume for 21/21 symbols
[11:41:08] Top 21 candidates by RVOL: ['WNW', 'MIMI', 'SMTG', 'PSNYW', 'BBUL', 'DAIC', 'LTRX', 'WYFL', 'CELU', 'CRMG', 'BRNX', 'AIQU', 'INFH', 'AMKL', 'AXTL', 'OUSL', 'VNCE', 'TE', 'AXTX', 'GEMG', 'YJ']
[11:41:08]   WNW: gap +31.0%, RVOL=17.9×, open=$3.2500
[11:41:08]   MIMI: gap +27.8%, RVOL=12.8×, open=$2.3000
[11:41:08]   SMTG: gap +12.4%, RVOL=6.7×, open=$8.8000
[11:41:08]   PSNYW: gap +14.1%, RVOL=6.6×, open=$6.1400
[11:41:08]   BBUL: gap +13.3%, RVOL=4.7×, open=$12.3000
[11:41:08]   DAIC: gap +13.8%, RVOL=3.4×, open=$5.8600
[11:41:08]   LTRX: gap +17.9%, RVOL=2.9×, open=$6.6750
[11:41:08]   WYFL: gap +10.1%, RVOL=2.3×, open=$5.8000
[11:41:08]   CELU: gap +26.1%, RVOL=1.8×, open=$1.1100
[11:41:08]   CRMG: gap +23.7%, RVOL=1.6×, open=$8.3000
[11:41:08]   BRNX: gap +10.5%, RVOL=1.4×, open=$6.8950
[11:41:08]   AIQU: gap +10.7%, RVOL=0.7×, open=$18.5000
[11:41:08]   INFH: gap +11.6%, RVOL=0.6×, open=$10.1600
[11:41:08]   AMKL: gap +17.0%, RVOL=0.6×, open=$7.0800
[11:41:08]   AXTL: gap +15.2%, RVOL=0.6×, open=$3.1400
[11:41:08]   OUSL: gap +11.7%, RVOL=0.5×, open=$14.5900
[11:41:08]   VNCE: gap +18.3%, RVOL=0.5×, open=$7.5000
[11:41:08]   TE: gap +11.9%, RVOL=0.5×, open=$5.0450
[11:41:08]   AXTX: gap +15.2%, RVOL=0.4×, open=$8.1100
[11:41:08]   GEMG: gap +11.0%, RVOL=0.3×, open=$9.4000
[11:41:08]   YJ: gap +15.2%, RVOL=0.1×, open=$3.1800
[11:41:28] WebSocket stream started for 21 symbols
[11:41:30] BUY order submitted: WNW 29sh, id=6e815b16-7a26-47c4-a82a-bb3d7959b731
[11:41:30] ENTRY WNW [rtg] 29sh @ $3.1172 [RVOL=17.9× stop=7% tgt=50%]
[11:41:31] BUY order submitted: MIMI 34sh, id=dde31dee-f356-4f79-aa53-874a0f37b4a1
[11:41:31] ENTRY MIMI [rtg] 34sh @ $2.6800 [RVOL=12.8× stop=7% tgt=50%]
[11:41:31] BUY order submitted: DAIC 8sh, id=92e2e00e-d858-4cd4-8be8-07163bba86d5
[11:41:31] ENTRY DAIC [rtg] 8sh @ $4.6900 [RVOL=3.4× stop=3% tgt=15%]
[11:41:32] BUY order submitted: CELU 17sh, id=90491714-3431-42b7-b0d6-1699a9b87e26
[11:41:32] ENTRY CELU [rtg] 17sh @ $2.3250 [RVOL=1.8× stop=3% tgt=15%]
[11:41:32] BUY order submitted: CRMG 4sh, id=e33d08c0-9dc6-49b3-bbca-a4733aaf77c9
[11:41:33] ENTRY CRMG [rtg] 4sh @ $9.3790 [RVOL=1.6× stop=3% tgt=15%]
[11:41:33] BUY order submitted: BRNX 4sh, id=518757b7-37e7-48b5-9eae-cf2fc792ca31
[11:41:34] ENTRY BRNX [rtg] 4sh @ $8.1710 [RVOL=1.4× stop=3% tgt=15%]
[11:41:35] BUY order submitted: VNCE 5sh, id=83f4d0e0-0083-41e6-a1b4-49fcb13da6b7
[11:41:35] ENTRY VNCE [rtg] 5sh @ $7.6200 [RVOL=0.5× stop=3% tgt=15%]
[11:41:35] BUY order submitted: YJ 1sh, id=5c289924-731d-45fd-9bb7-d3cd763b0a9a
[11:41:36] ENTRY YJ [rtg] 1sh @ $3.1097 [RVOL=0.1× stop=3% tgt=15%]
[11:42:34] SELL submitted: BRNX 4sh, order_id=42867a2f-232e-4ef6-a6ea-cc4e7bcef31d
[11:42:34] Async SELL submitted for BRNX (trail_stop), order=42867a2f-232e-4ef6-a6ea-cc4e7bcef31d
[11:42:37] EXIT BRNX trail_stop $8.4000, P&L=$+0.92
[11:43:48] SELL submitted: CELU 17sh, order_id=398dce39-e801-4236-93ff-c1677981b3db
[11:43:48] Async SELL submitted for CELU (stop_loss), order=398dce39-e801-4236-93ff-c1677981b3db
[11:43:51] EXIT CELU stop_loss $2.2332, P&L=$-1.56
[11:49:28] SELL submitted: MIMI 34sh, order_id=963f8fe0-4739-4108-9f46-df478964a54f
[11:49:28] Async SELL submitted for MIMI (trail_stop), order=963f8fe0-4739-4108-9f46-df478964a54f
[11:49:32] EXIT MIMI trail_stop $2.8050, P&L=$+4.25
[11:59:54] SELL submitted: YJ 1sh, order_id=32afa6f9-bd60-4c4c-a57b-cf4390d5cfbe
[11:59:54] Async SELL submitted for YJ (trail_stop), order=32afa6f9-bd60-4c4c-a57b-cf4390d5cfbe
[11:59:57] EXIT YJ trail_stop $3.1464, P&L=$+0.04
[12:11:31] Scanning for gap stocks on 2026-08-27...
[12:11:37] After leveraged ETF filter: 13057 symbols
[12:11:37] After crypto ETF filter: 12987 symbols
[12:11:37] After EXCLUDE_SYMBOLS filter: 12983 symbols (removed 4)
[12:11:47]   Scan progress: 10/65 batches
[12:11:54]   Scan progress: 20/65 batches
[12:12:00]   Scan progress: 30/65 batches
[12:12:08]   Scan progress: 40/65 batches
[12:12:17]   Scan progress: 50/65 batches
[12:12:23]   Scan progress: 60/65 batches
[12:12:25]   Scan progress: 65/65 batches
[12:12:26] Fetched 20d avg volume for 21/21 symbols
[12:12:26] Top 21 candidates by RVOL: ['WNW', 'MIMI', 'SMTG', 'PSNYW', 'BBUL', 'DAIC', 'LTRX', 'WYFL', 'CELU', 'CRMG', 'BRNX', 'AIQU', 'INFH', 'AMKL', 'AXTL', 'OUSL', 'VNCE', 'TE', 'AXTX', 'GEMG', 'YJ']
[12:12:26]   WNW: gap +31.0%, RVOL=17.9×, open=$3.2500
[12:12:26]   MIMI: gap +27.8%, RVOL=12.8×, open=$2.3000
[12:12:26]   SMTG: gap +12.4%, RVOL=6.7×, open=$8.8000
[12:12:26]   PSNYW: gap +14.1%, RVOL=6.6×, open=$6.1400
[12:12:26]   BBUL: gap +13.3%, RVOL=4.7×, open=$12.3000
[12:12:26]   DAIC: gap +13.8%, RVOL=3.4×, open=$5.8600
[12:12:26]   LTRX: gap +17.9%, RVOL=2.9×, open=$6.6750
[12:12:26]   WYFL: gap +10.1%, RVOL=2.3×, open=$5.8000
[12:12:26]   CELU: gap +26.1%, RVOL=1.8×, open=$1.1100
[12:12:26]   CRMG: gap +23.7%, RVOL=1.6×, open=$8.3000
[12:12:26]   BRNX: gap +10.5%, RVOL=1.4×, open=$6.8950
[12:12:26]   AIQU: gap +10.7%, RVOL=0.7×, open=$18.5000
[12:12:26]   INFH: gap +11.6%, RVOL=0.6×, open=$10.1600
[12:12:26]   AMKL: gap +17.0%, RVOL=0.6×, open=$7.0800
[12:12:26]   AXTL: gap +15.2%, RVOL=0.6×, open=$3.1400
[12:12:26]   OUSL: gap +11.7%, RVOL=0.5×, open=$14.5900
[12:12:26]   VNCE: gap +18.3%, RVOL=0.5×, open=$7.5000
[12:12:26]   TE: gap +11.9%, RVOL=0.5×, open=$5.0450
[12:12:26]   AXTX: gap +15.2%, RVOL=0.4×, open=$8.1100
[12:12:26]   GEMG: gap +11.0%, RVOL=0.3×, open=$9.4000
[12:12:26]   YJ: gap +15.2%, RVOL=0.1×, open=$3.1800
[12:12:26] Rescan: no new candidates (21 total)
[12:12:53] SELL submitted: DAIC 8sh, order_id=36a85dc7-0b99-47d5-9cae-4463e46a07fc
[12:12:53] Async SELL submitted for DAIC (trail_stop), order=36a85dc7-0b99-47d5-9cae-4463e46a07fc
[12:12:57] EXIT DAIC trail_stop $4.8100, P&L=$+0.96
[12:15:20] Profit protection! Max profit was $+5.21, now $+4.40 < 85%
[12:15:23] Profit protect close WNW, P&L=$+0.00
[12:15:26] Profit protect close CRMG, P&L=$+0.00
[12:15:29] Profit protect close VNCE, P&L=$+0.00
[12:15:29] ============================================================
[12:15:29] Trading day complete!
[12:15:29] Equity: $379.17 | Daily P&L: $+4.61 | Trades: 16
[12:15:29] ============================================================
[12:15:29] Daily report saved
[12:15:29] Next trading day: 2026-08-28. Sleeping until 9:15...
[12:15:29] Next event in 1259 min, sleeping...
[12:25:28] Next event in 1249 min, sleeping...
[12:35:29] Next event in 1239 min, sleeping...
[12:45:28] Next event in 1229 min, sleeping...
[01:02:12] Using SIP data feed
[01:02:12] ============================================================
[01:02:12] stonewang RTG 2.0 Live Trading -- Profit Protection + Progressive Trailing
[01:02:12] Entry: RTG (vol >= 1.5x prior) / GapGo DISABLED
[01:02:12] Exit: adaptive by RVOL tier | time 0s
[01:02:12] Window: 09:30-15:59 EST
[01:02:12] Sizing: RVOL-weighted (50%/35%/20%) | max 8 concurrent | re-entry max 0
[01:02:12] ============================================================
[01:02:12] Testing data connectivity...
[01:02:15]   SPY bar received, OK!
[01:02:15] Connectivity OK!
[01:02:15] Next event in 492 min, sleeping...
[01:12:15] Next event in 482 min, sleeping...
[01:22:15] Next event in 472 min, sleeping...
[01:32:15] Next event in 462 min, sleeping...
[01:42:15] Next event in 452 min, sleeping...
[01:52:15] Next event in 442 min, sleeping...
[02:02:15] Next event in 432 min, sleeping...
[02:12:15] Next event in 422 min, sleeping...
[02:22:15] Next event in 412 min, sleeping...
[02:32:15] Next event in 402 min, sleeping...
[02:42:15] Next event in 392 min, sleeping...
[02:52:15] Next event in 382 min, sleeping...
[03:02:15] Next event in 372 min, sleeping...
[03:12:15] Next event in 362 min, sleeping...
[03:22:15] Next event in 352 min, sleeping...
[03:32:15] Next event in 342 min, sleeping...
[03:42:15] Next event in 332 min, sleeping...
[03:52:15] Next event in 322 min, sleeping...
[04:02:15] Next event in 312 min, sleeping...
[04:12:15] Next event in 302 min, sleeping...
[04:22:15] Next event in 292 min, sleeping...
[04:32:15] Next event in 282 min, sleeping...
[04:42:15] Next event in 272 min, sleeping...
[04:52:15] Next event in 262 min, sleeping...
[05:02:15] Next event in 252 min, sleeping...
[05:12:15] Next event in 242 min, sleeping...
[05:22:15] Next event in 232 min, sleeping...
[05:32:15] Next event in 222 min, sleeping...
[05:42:15] Next event in 212 min, sleeping...
[05:52:15] Next event in 202 min, sleeping...
[06:02:15] Next event in 192 min, sleeping...
[06:12:15] Next event in 182 min, sleeping...
[06:22:15] Next event in 172 min, sleeping...
[06:32:15] Next event in 162 min, sleeping...
[06:42:15] Next event in 152 min, sleeping...
[06:52:15] Next event in 142 min, sleeping...
[07:02:15] Next event in 132 min, sleeping...
[07:12:15] Next event in 122 min, sleeping...
[07:22:15] Next event in 112 min, sleeping...
[07:32:15] Next event in 102 min, sleeping...
[07:42:15] Next event in 92 min, sleeping...
[07:52:15] Next event in 82 min, sleeping...
[08:02:16] Next event in 72 min, sleeping...
[08:12:16] Next event in 62 min, sleeping...
[08:22:15] Next event in 52 min, sleeping...
[08:32:16] Next event in 42 min, sleeping...
[08:42:16] Next event in 32 min, sleeping...
[08:52:16] Next event in 22 min, sleeping...
[09:02:16] Next event in 12 min, sleeping...
[09:12:16] Next event in 2 min, sleeping...
[09:22:16] Starting trading day: 2026-08-28 (close 16:00, force_close 15:59)
[09:22:18] Account equity: $359.92
[09:22:19] Scanning for gap stocks on 2026-08-28...
[09:22:24] After leveraged ETF filter: 13048 symbols
[09:22:24] After crypto ETF filter: 12978 symbols
[09:22:24] After EXCLUDE_SYMBOLS filter: 12974 symbols (removed 4)
[09:22:32]   Scan progress: 10/65 batches
[09:22:37]   Scan progress: 20/65 batches
[09:22:43]   Scan progress: 30/65 batches
[09:22:48]   Scan progress: 40/65 batches
[09:22:54]   Scan progress: 50/65 batches
[09:23:00]   Scan progress: 60/65 batches
[09:23:03]   Scan progress: 65/65 batches
[09:23:03] Fetched 20d avg volume for 7/7 symbols
[09:23:03] Top 7 candidates by RVOL: ['AEMD', 'AFRU', 'QNRX', 'IREZ', 'WHLR', 'CRD.A', 'TNON']
[09:23:03]   AEMD: gap +31.8%, RVOL=17.3×, open=$2.8600
[09:23:03]   AFRU: gap +24.0%, RVOL=11.5×, open=$13.7400
[09:23:03]   QNRX: gap +42.6%, RVOL=1.4×, open=$7.3500
[09:23:03]   IREZ: gap +13.2%, RVOL=1.3×, open=$13.1600
[09:23:03]   WHLR: gap +36.6%, RVOL=0.6×, open=$1.5300
[09:23:03]   CRD.A: gap +10.9%, RVOL=0.5×, open=$14.5000
[09:23:03]   TNON: gap +10.6%, RVOL=0.0×, open=$5.5531
[09:23:05] WebSocket stream started for 7 symbols
[09:30:26] BUY order submitted: QNRX 5sh, id=3346c120-0ed0-4af1-b935-9d0358a4fbd8
[09:30:27] ENTRY QNRX [rtg] 5sh @ $7.1578 [RVOL=1.4× stop=3% tgt=15%]
[09:30:31] SELL submitted: QNRX 5sh, order_id=9b8ec23b-8d21-4b61-a1be-cd7ec97aad26
[09:30:31] Async SELL submitted for QNRX (trail_stop), order=9b8ec23b-8d21-4b61-a1be-cd7ec97aad26
[09:30:35] EXIT QNRX trail_stop $7.1141, P&L=$-0.22
[09:30:41] BUY order submitted: AFRU 6sh, id=d85f2fff-b1f8-44db-a344-449ac19d4879
[09:30:41] ENTRY AFRU [rtg] 6sh @ $14.8500 [RVOL=11.5× stop=7% tgt=50%]
[09:30:46] SELL submitted: AFRU 6sh, order_id=40bd0519-a859-40c4-9f12-4fd6f9972ec8
[09:30:46] Async SELL submitted for AFRU (stop_loss), order=40bd0519-a859-40c4-9f12-4fd6f9972ec8
[09:30:50] EXIT AFRU stop_loss $14.3987, P&L=$-2.71
[09:30:55] BUY order submitted: AEMD 31sh, id=c7420f82-148d-4727-a94c-c21933cfb65b
[09:30:56] ENTRY AEMD [rtg] 31sh @ $2.9268 [RVOL=17.3× stop=7% tgt=50%]
[09:32:12] WebSocket: no bars for 60s, restarting...
[09:32:14] WebSocket stream started for 7 symbols
[09:38:54] SELL submitted: AEMD 31sh, order_id=4cd82a79-281c-4293-b1bd-1ec2aa6a0218
[09:38:54] Async SELL submitted for AEMD (trail_stop), order=4cd82a79-281c-4293-b1bd-1ec2aa6a0218
[09:38:59] EXIT AEMD trail_stop $3.0800, P&L=$+4.75
[09:53:09] Scanning for gap stocks on 2026-08-28...
[09:53:18] After leveraged ETF filter: 13048 symbols
[09:53:18] After crypto ETF filter: 12978 symbols
[09:53:18] After EXCLUDE_SYMBOLS filter: 12974 symbols (removed 4)
[09:53:29]   Scan progress: 10/65 batches
[09:53:37]   Scan progress: 20/65 batches
[09:53:44]   Scan progress: 30/65 batches
[09:53:51]   Scan progress: 40/65 batches
[09:53:56]   Scan progress: 50/65 batches
[09:54:03]   Scan progress: 60/65 batches
[09:54:08]   Scan progress: 65/65 batches
[09:54:09] Fetched 20d avg volume for 6/6 symbols
[09:54:09] Top 6 candidates by RVOL: ['AEMD', 'AFRU', 'AIIR', 'QNRX', 'IREZ', 'WHLR']
[09:54:09]   AEMD: gap +34.6%, RVOL=17.3×, open=$2.9200
[09:54:09]   AFRU: gap +22.8%, RVOL=11.5×, open=$13.6050
[09:54:09]   AIIR: gap +12.4%, RVOL=2.4×, open=$8.9700
[09:54:09]   QNRX: gap +40.1%, RVOL=1.4×, open=$7.2200
[09:54:09]   IREZ: gap +14.3%, RVOL=1.3×, open=$13.2900
[09:54:09]   WHLR: gap +29.0%, RVOL=0.6×, open=$1.4450
[09:54:09] Rescan: added 1 new candidates: ['AIIR']
[09:54:11] WebSocket stream started for 8 symbols
[10:06:40] BUY order submitted: IREZ 2sh, id=c67a38c8-afef-4a05-9af2-69324d6df958
[10:06:41] ENTRY IREZ [rtg] 2sh @ $13.8251 [RVOL=1.3× stop=3% tgt=15%]
[10:23:12] Scanning for gap stocks on 2026-08-28...
[10:23:18] After leveraged ETF filter: 13048 symbols
[10:23:18] After crypto ETF filter: 12978 symbols
[10:23:18] After EXCLUDE_SYMBOLS filter: 12974 symbols (removed 4)
[10:23:30]   Scan progress: 10/65 batches
[10:23:35]   Scan progress: 20/65 batches
[10:23:43]   Scan progress: 30/65 batches
[10:23:52]   Scan progress: 40/65 batches
[10:24:02]   Scan progress: 50/65 batches
[10:24:11]   Scan progress: 60/65 batches
[10:24:16]   Scan progress: 65/65 batches
[10:24:17] Fetched 20d avg volume for 6/6 symbols
[10:24:17] Top 6 candidates by RVOL: ['AEMD', 'AFRU', 'AIIR', 'QNRX', 'IREZ', 'WHLR']
[10:24:17]   AEMD: gap +34.6%, RVOL=17.3×, open=$2.9200
[10:24:17]   AFRU: gap +22.8%, RVOL=11.5×, open=$13.6050
[10:24:17]   AIIR: gap +12.4%, RVOL=2.4×, open=$8.9700
[10:24:17]   QNRX: gap +40.1%, RVOL=1.4×, open=$7.2200
[10:24:17]   IREZ: gap +14.3%, RVOL=1.3×, open=$13.2900
[10:24:17]   WHLR: gap +29.0%, RVOL=0.6×, open=$1.4450
[10:24:17] Rescan: no new candidates (8 total)
[10:37:31] SELL submitted: IREZ 2sh, order_id=6220f181-57e5-4ddf-bdab-c606818d28f7
[10:37:31] Async SELL submitted for IREZ (stop_loss), order=6220f181-57e5-4ddf-bdab-c606818d28f7
[10:37:36] EXIT IREZ stop_loss $13.4350, P&L=$-0.78
[10:53:15] Scanning for gap stocks on 2026-08-28...
[10:53:20] After leveraged ETF filter: 13048 symbols
[10:53:20] After crypto ETF filter: 12978 symbols
[10:53:20] After EXCLUDE_SYMBOLS filter: 12974 symbols (removed 4)
[10:53:30]   Scan progress: 10/65 batches
[10:53:38]   Scan progress: 20/65 batches
[10:53:44]   Scan progress: 30/65 batches
[10:53:50]   Scan progress: 40/65 batches
[10:53:56]   Scan progress: 50/65 batches
[10:54:03]   Scan progress: 60/65 batches
[10:54:07]   Scan progress: 65/65 batches
[10:54:07] Fetched 20d avg volume for 6/6 symbols
[10:54:07] Top 6 candidates by RVOL: ['AEMD', 'AFRU', 'AIIR', 'QNRX', 'IREZ', 'WHLR']
[10:54:07]   AEMD: gap +34.6%, RVOL=17.3×, open=$2.9200
[10:54:07]   AFRU: gap +22.8%, RVOL=11.5×, open=$13.6050
[10:54:07]   AIIR: gap +12.4%, RVOL=2.4×, open=$8.9700
[10:54:07]   QNRX: gap +40.1%, RVOL=1.4×, open=$7.2200
[10:54:07]   IREZ: gap +14.3%, RVOL=1.3×, open=$13.2900
[10:54:07]   WHLR: gap +29.0%, RVOL=0.6×, open=$1.4450
[10:54:07] Rescan: no new candidates (8 total)
[11:23:15] Scanning for gap stocks on 2026-08-28...
[11:23:26] After leveraged ETF filter: 13048 symbols
[11:23:26] After crypto ETF filter: 12978 symbols
[11:23:26] After EXCLUDE_SYMBOLS filter: 12974 symbols (removed 4)
[11:23:36]   Scan progress: 10/65 batches
[11:23:41]   Scan progress: 20/65 batches
[11:23:48]   Scan progress: 30/65 batches
[11:23:53]   Scan progress: 40/65 batches
[11:23:59]   Scan progress: 50/65 batches
[11:24:06]   Scan progress: 60/65 batches
[11:24:09]   Scan progress: 65/65 batches
[11:24:11] Fetched 20d avg volume for 6/6 symbols
[11:24:11] Top 6 candidates by RVOL: ['AEMD', 'AFRU', 'AIIR', 'QNRX', 'IREZ', 'WHLR']
[11:24:11]   AEMD: gap +34.6%, RVOL=17.3×, open=$2.9200
[11:24:11]   AFRU: gap +22.8%, RVOL=11.5×, open=$13.6050
[11:24:11]   AIIR: gap +12.4%, RVOL=2.4×, open=$8.9700
[11:24:11]   QNRX: gap +40.1%, RVOL=1.4×, open=$7.2200
[11:24:11]   IREZ: gap +14.3%, RVOL=1.3×, open=$13.2900
[11:24:11]   WHLR: gap +29.0%, RVOL=0.6×, open=$1.4450
[11:24:11] Rescan: no new candidates (8 total)
[11:35:34] Using SIP data feed
[11:35:34] ============================================================
[11:35:34] stonewang RTG 2.0 Live Trading -- Profit Protection + Progressive Trailing
[11:35:34] Entry: RTG (vol >= 1.5x prior) / GapGo DISABLED
[11:35:34] Exit: adaptive by RVOL tier | time 0s
[11:35:34] Window: 09:30-15:59 EST
[11:35:34] Sizing: RVOL-weighted (50%/35%/20%) | max 8 concurrent | re-entry max 0
[11:35:34] ============================================================
[11:35:34] Testing data connectivity...
[11:35:37]   SPY bar received, OK!
[11:35:37] Connectivity OK!
[11:35:37] Starting trading day: 2026-08-28 (close 16:00, force_close 15:59)
[11:35:40] Account equity: $360.93
[11:35:40] Scanning for gap stocks on 2026-08-28...
[11:35:46] After leveraged ETF filter: 13048 symbols
[11:35:46] After crypto ETF filter: 12978 symbols
[11:35:46] After EXCLUDE_SYMBOLS filter: 12974 symbols (removed 4)
[11:36:01]   Scan progress: 10/65 batches
[11:36:15]   Scan progress: 20/65 batches
[11:36:24]   Scan progress: 30/65 batches
[11:36:36]   Scan progress: 40/65 batches
[11:36:45]   Scan progress: 50/65 batches
[11:36:57]   Scan progress: 60/65 batches
[11:37:02]   Scan progress: 65/65 batches
[11:37:02] Fetched 20d avg volume for 6/6 symbols
[11:37:02] Top 6 candidates by RVOL: ['AEMD', 'AFRU', 'AIIR', 'QNRX', 'IREZ', 'WHLR']
[11:37:02]   AEMD: gap +34.6%, RVOL=17.3×, open=$2.9200
[11:37:02]   AFRU: gap +22.8%, RVOL=11.5×, open=$13.6050
[11:37:02]   AIIR: gap +12.4%, RVOL=2.4×, open=$8.9700
[11:37:02]   QNRX: gap +40.1%, RVOL=1.4×, open=$7.2200
[11:37:02]   IREZ: gap +14.3%, RVOL=1.3×, open=$13.2900
[11:37:02]   WHLR: gap +29.0%, RVOL=0.6×, open=$1.4450
[11:37:12] WebSocket stream started for 6 symbols
[11:37:15] BUY order submitted: AEMD 32sh, id=1a49b115-afaf-4976-a473-9ef542b950e2
[11:37:16] ENTRY AEMD [rtg] 32sh @ $2.7697 [RVOL=17.3× stop=7% tgt=50%]
[11:37:16] BUY order submitted: AFRU 7sh, id=9e6ad491-a79f-42fb-a457-4134366e0529
[11:37:17] ENTRY AFRU [rtg] 7sh @ $12.6985 [RVOL=11.5× stop=7% tgt=50%]
[11:37:18] BUY order submitted: QNRX 6sh, id=8f98c3f7-8c69-4ef7-a0f8-40ad0e3689d1
[11:37:18] ENTRY QNRX [rtg] 6sh @ $6.3800 [RVOL=1.4× stop=3% tgt=15%]
[11:37:19] BUY order submitted: IREZ 2sh, id=997ced2b-3300-4289-b510-954fdc03218c
[11:37:19] ENTRY IREZ [rtg] 2sh @ $14.1857 [RVOL=1.3× stop=3% tgt=15%]
[11:37:24] SELL submitted: QNRX 6sh, order_id=359b90c8-d97a-4a22-aedb-c030622b1284
[11:37:24] Async SELL submitted for QNRX (stop_loss), order=359b90c8-d97a-4a22-aedb-c030622b1284
[11:37:28] EXIT QNRX stop_loss $6.1877, P&L=$-1.15
[12:07:14] Scanning for gap stocks on 2026-08-28...
[12:07:20] After leveraged ETF filter: 13048 symbols
[12:07:20] After crypto ETF filter: 12978 symbols
[12:07:20] After EXCLUDE_SYMBOLS filter: 12974 symbols (removed 4)
[12:07:29]   Scan progress: 10/65 batches
[12:07:36]   Scan progress: 20/65 batches
[12:07:40]   Scan progress: 30/65 batches
[12:07:45]   Scan progress: 40/65 batches
[12:07:50]   Scan progress: 50/65 batches
[12:07:56]   Scan progress: 60/65 batches
[12:07:59]   Scan progress: 65/65 batches
[12:08:00] Fetched 20d avg volume for 6/6 symbols
[12:08:00] Top 6 candidates by RVOL: ['AEMD', 'AFRU', 'AIIR', 'QNRX', 'IREZ', 'WHLR']
[12:08:00]   AEMD: gap +34.6%, RVOL=17.3×, open=$2.9200
[12:08:00]   AFRU: gap +22.8%, RVOL=11.5×, open=$13.6050
[12:08:00]   AIIR: gap +12.4%, RVOL=2.4×, open=$8.9700
[12:08:00]   QNRX: gap +40.1%, RVOL=1.4×, open=$7.2200
[12:08:00]   IREZ: gap +14.3%, RVOL=1.3×, open=$13.2900
[12:08:00]   WHLR: gap +29.0%, RVOL=0.6×, open=$1.4450
[12:08:00] Rescan: no new candidates (6 total)
[12:10:08] SELL submitted: IREZ 2sh, order_id=b6b74dbc-678c-452c-81ae-749b454cfa63
[12:10:08] Async SELL submitted for IREZ (trail_stop), order=b6b74dbc-678c-452c-81ae-749b454cfa63
[12:10:13] EXIT IREZ trail_stop $14.3840, P&L=$+0.40
[12:37:17] Scanning for gap stocks on 2026-08-28...
[12:37:23] After leveraged ETF filter: 13048 symbols
[12:37:23] After crypto ETF filter: 12978 symbols
[12:37:23] After EXCLUDE_SYMBOLS filter: 12974 symbols (removed 4)
[12:37:32]   Scan progress: 10/65 batches
[12:37:39]   Scan progress: 20/65 batches
[12:37:44]   Scan progress: 30/65 batches
[12:37:49]   Scan progress: 40/65 batches
[12:37:54]   Scan progress: 50/65 batches
[12:37:59]   Scan progress: 60/65 batches
[12:38:02]   Scan progress: 65/65 batches
[12:38:03] Fetched 20d avg volume for 6/6 symbols
[12:38:03] Top 6 candidates by RVOL: ['AEMD', 'AFRU', 'AIIR', 'QNRX', 'IREZ', 'WHLR']
[12:38:03]   AEMD: gap +34.6%, RVOL=17.3×, open=$2.9200
[12:38:03]   AFRU: gap +22.8%, RVOL=11.5×, open=$13.6050
[12:38:03]   AIIR: gap +12.4%, RVOL=2.4×, open=$8.9700
[12:38:03]   QNRX: gap +40.1%, RVOL=1.4×, open=$7.2200
[12:38:03]   IREZ: gap +14.3%, RVOL=1.3×, open=$13.2900
[12:38:03]   WHLR: gap +29.0%, RVOL=0.6×, open=$1.4450
[12:38:03] Rescan: no new candidates (6 total)
[13:07:18] Scanning for gap stocks on 2026-08-28...
[13:07:22] After leveraged ETF filter: 13048 symbols
[13:07:22] After crypto ETF filter: 12978 symbols
[13:07:22] After EXCLUDE_SYMBOLS filter: 12974 symbols (removed 4)
[13:07:32]   Scan progress: 10/65 batches
[13:07:39]   Scan progress: 20/65 batches
[13:07:43]   Scan progress: 30/65 batches
[13:07:49]   Scan progress: 40/65 batches
[13:07:53]   Scan progress: 50/65 batches
[13:08:00]   Scan progress: 60/65 batches
[13:08:04]   Scan progress: 65/65 batches
[13:08:05] Fetched 20d avg volume for 6/6 symbols
[13:08:05] Top 6 candidates by RVOL: ['AEMD', 'AFRU', 'AIIR', 'QNRX', 'IREZ', 'WHLR']
[13:08:05]   AEMD: gap +34.6%, RVOL=17.3×, open=$2.9200
[13:08:05]   AFRU: gap +22.8%, RVOL=11.5×, open=$13.6050
[13:08:05]   AIIR: gap +12.4%, RVOL=2.4×, open=$8.9700
[13:08:05]   QNRX: gap +40.1%, RVOL=1.4×, open=$7.2200
[13:08:05]   IREZ: gap +14.3%, RVOL=1.3×, open=$13.2900
[13:08:05]   WHLR: gap +29.0%, RVOL=0.6×, open=$1.4450
[13:08:05] Rescan: no new candidates (6 total)
[13:37:18] Scanning for gap stocks on 2026-08-28...
[13:37:22] After leveraged ETF filter: 13048 symbols
[13:37:22] After crypto ETF filter: 12978 symbols
[13:37:22] After EXCLUDE_SYMBOLS filter: 12974 symbols (removed 4)
[13:37:32]   Scan progress: 10/65 batches
[13:37:40]   Scan progress: 20/65 batches
[13:37:45]   Scan progress: 30/65 batches
[13:37:51]   Scan progress: 40/65 batches
[13:37:56]   Scan progress: 50/65 batches
[13:38:02]   Scan progress: 60/65 batches
[13:38:05]   Scan progress: 65/65 batches
[13:38:06] Fetched 20d avg volume for 6/6 symbols
[13:38:06] Top 6 candidates by RVOL: ['AEMD', 'AFRU', 'AIIR', 'QNRX', 'IREZ', 'WHLR']
[13:38:06]   AEMD: gap +34.6%, RVOL=17.3×, open=$2.9200
[13:38:06]   AFRU: gap +22.8%, RVOL=11.5×, open=$13.6050
[13:38:06]   AIIR: gap +12.4%, RVOL=2.4×, open=$8.9700
[13:38:06]   QNRX: gap +40.1%, RVOL=1.4×, open=$7.2200
[13:38:06]   IREZ: gap +14.3%, RVOL=1.3×, open=$13.2900
[13:38:06]   WHLR: gap +29.0%, RVOL=0.6×, open=$1.4450
[13:38:06] Rescan: no new candidates (6 total)
[13:57:25] SELL submitted: AFRU 7sh, order_id=7125570d-c782-4a11-b953-7ee9d429e1ee
[13:57:25] Async SELL submitted for AFRU (stop_loss), order=7125570d-c782-4a11-b953-7ee9d429e1ee
[13:57:29] EXIT AFRU stop_loss $11.8801, P&L=$-5.73
[14:07:20] Scanning for gap stocks on 2026-08-28...
[14:07:25] After leveraged ETF filter: 13048 symbols
[14:07:25] After crypto ETF filter: 12978 symbols
[14:07:25] After EXCLUDE_SYMBOLS filter: 12974 symbols (removed 4)
[14:07:36]   Scan progress: 10/65 batches
[14:07:43]   Scan progress: 20/65 batches
[14:07:48]   Scan progress: 30/65 batches
[14:07:55]   Scan progress: 40/65 batches
[14:08:00]   Scan progress: 50/65 batches
[14:08:08]   Scan progress: 60/65 batches
[14:08:10]   Scan progress: 65/65 batches
[14:08:11] Fetched 20d avg volume for 6/6 symbols
[14:08:11] Top 6 candidates by RVOL: ['AEMD', 'AFRU', 'AIIR', 'QNRX', 'IREZ', 'WHLR']
[14:08:11]   AEMD: gap +34.6%, RVOL=17.3×, open=$2.9200
[14:08:11]   AFRU: gap +22.8%, RVOL=11.5×, open=$13.6050
[14:08:11]   AIIR: gap +12.4%, RVOL=2.4×, open=$8.9700
[14:08:11]   QNRX: gap +40.1%, RVOL=1.4×, open=$7.2200
[14:08:11]   IREZ: gap +14.3%, RVOL=1.3×, open=$13.2900
[14:08:11]   WHLR: gap +29.0%, RVOL=0.6×, open=$1.4450
[14:08:11] Rescan: no new candidates (6 total)
[14:37:21] Scanning for gap stocks on 2026-08-28...
[14:37:25] After leveraged ETF filter: 13048 symbols
[14:37:25] After crypto ETF filter: 12978 symbols
[14:37:25] After EXCLUDE_SYMBOLS filter: 12974 symbols (removed 4)
[14:37:35]   Scan progress: 10/65 batches
[14:37:44]   Scan progress: 20/65 batches
[14:37:49]   Scan progress: 30/65 batches
[14:37:56]   Scan progress: 40/65 batches
[14:38:04]   Scan progress: 50/65 batches
[14:38:12]   Scan progress: 60/65 batches
[14:38:13]   Scan progress: 65/65 batches
[14:38:14] Fetched 20d avg volume for 6/6 symbols
[14:38:14] Top 6 candidates by RVOL: ['AEMD', 'AFRU', 'AIIR', 'QNRX', 'IREZ', 'WHLR']
[14:38:14]   AEMD: gap +34.6%, RVOL=17.3×, open=$2.9200
[14:38:14]   AFRU: gap +22.8%, RVOL=11.5×, open=$13.6050
[14:38:14]   AIIR: gap +12.4%, RVOL=2.4×, open=$8.9700
[14:38:14]   QNRX: gap +40.1%, RVOL=1.4×, open=$7.2200
[14:38:14]   IREZ: gap +14.3%, RVOL=1.3×, open=$13.2900
[14:38:14]   WHLR: gap +29.0%, RVOL=0.6×, open=$1.4450
[14:38:14] Rescan: no new candidates (6 total)
[14:48:01] SELL submitted: AEMD 32sh, order_id=a2514984-65a2-445b-ad3c-83ac31599d1e
[14:48:01] Async SELL submitted for AEMD (stop_loss), order=a2514984-65a2-445b-ad3c-83ac31599d1e
[14:48:05] EXIT AEMD stop_loss $2.5213, P&L=$-7.95
[15:07:24] Scanning for gap stocks on 2026-08-28...
[15:07:28] After leveraged ETF filter: 13048 symbols
[15:07:28] After crypto ETF filter: 12978 symbols
[15:07:28] After EXCLUDE_SYMBOLS filter: 12974 symbols (removed 4)
[15:07:39]   Scan progress: 10/65 batches
[15:07:45]   Scan progress: 20/65 batches
[15:07:53]   Scan progress: 30/65 batches
[15:07:59]   Scan progress: 40/65 batches
[15:08:04]   Scan progress: 50/65 batches
[15:08:11]   Scan progress: 60/65 batches
[15:08:14]   Scan progress: 65/65 batches
[15:08:15] Fetched 20d avg volume for 6/6 symbols
[15:08:15] Top 6 candidates by RVOL: ['AEMD', 'AFRU', 'AIIR', 'QNRX', 'IREZ', 'WHLR']
[15:08:15]   AEMD: gap +34.6%, RVOL=17.3×, open=$2.9200
[15:08:15]   AFRU: gap +22.8%, RVOL=11.5×, open=$13.6050
[15:08:15]   AIIR: gap +12.4%, RVOL=2.4×, open=$8.9700
[15:08:15]   QNRX: gap +40.1%, RVOL=1.4×, open=$7.2200
[15:08:15]   IREZ: gap +14.3%, RVOL=1.3×, open=$13.2900
[15:08:15]   WHLR: gap +29.0%, RVOL=0.6×, open=$1.4450
[15:08:15] Rescan: no new candidates (6 total)
[15:37:24] Scanning for gap stocks on 2026-08-28...
[15:37:28] After leveraged ETF filter: 13048 symbols
[15:37:28] After crypto ETF filter: 12978 symbols
[15:37:28] After EXCLUDE_SYMBOLS filter: 12974 symbols (removed 4)
[15:37:36]   Scan progress: 10/65 batches
[15:37:43]   Scan progress: 20/65 batches
[15:37:46]   Scan progress: 30/65 batches
[15:37:52]   Scan progress: 40/65 batches
[15:37:58]   Scan progress: 50/65 batches
[15:38:02]   Scan progress: 60/65 batches
[15:38:05]   Scan progress: 65/65 batches
[15:38:06] Fetched 20d avg volume for 6/6 symbols
[15:38:06] Top 6 candidates by RVOL: ['AEMD', 'AFRU', 'AIIR', 'QNRX', 'IREZ', 'WHLR']
[15:38:06]   AEMD: gap +34.6%, RVOL=17.3×, open=$2.9200
[15:38:06]   AFRU: gap +22.8%, RVOL=11.5×, open=$13.6050
[15:38:06]   AIIR: gap +12.4%, RVOL=2.4×, open=$8.9700
[15:38:06]   QNRX: gap +40.1%, RVOL=1.4×, open=$7.2200
[15:38:06]   IREZ: gap +14.3%, RVOL=1.3×, open=$13.2900
[15:38:06]   WHLR: gap +29.0%, RVOL=0.6×, open=$1.4450
[15:38:06] Rescan: no new candidates (6 total)
[15:59:01] Force close time reached!
[15:59:01] ============================================================
[15:59:01] Trading day complete!
[15:59:01] Equity: $332.06 | Daily P&L: $-14.43 | Trades: 8
[15:59:01] ============================================================
[15:59:01] Daily report saved
[15:59:01] Next trading day: 2026-08-31. Sleeping until 9:15...
[15:59:01] Next event in 3915 min, sleeping...
[16:09:01] Next event in 3905 min, sleeping...
[16:19:01] Next event in 3895 min, sleeping...
[16:29:01] Next event in 3885 min, sleeping...
[16:39:01] Next event in 3875 min, sleeping...
[16:49:01] Next event in 3865 min, sleeping...
[16:59:01] Next event in 3855 min, sleeping...
[17:09:01] Next event in 3845 min, sleeping...
[17:19:01] Next event in 3835 min, sleeping...
[17:29:01] Next event in 3825 min, sleeping...
[17:39:01] Next event in 3815 min, sleeping...
[17:49:01] Next event in 3805 min, sleeping...
[17:59:01] Next event in 3795 min, sleeping...
[18:09:01] Next event in 3785 min, sleeping...
[18:19:01] Next event in 3775 min, sleeping...
[18:29:01] Next event in 3765 min, sleeping...
[18:36:58] Using SIP data feed
[18:36:58] ============================================================
[18:36:58] stonewang RTG 2.0 Live Trading -- Profit Protection + Progressive Trailing + Volume Breakout
[18:36:58] Entry: RTG (vol >= 1.5x prior) / GapGo DISABLED
[18:36:58] Exit: adaptive by RVOL tier | time 0s
[18:36:58] Window: 09:30-15:59 EST
[18:36:58] Sizing: RVOL-weighted (50%/35%/20%) | max 8 concurrent | re-entry max 0
[18:36:58] Volume breakout: every 300s, min RVOL=3.0×, price $0.50-$20.00
[18:36:58] ============================================================
[18:36:58] Testing data connectivity...
[18:37:00]   SPY bar received, OK!
[18:37:00] Connectivity OK!
[18:37:00] Market closed. Next: 2026-08-31
[18:37:00] Next event in 3762 min, sleeping...
[18:40:37] Using SIP data feed
[18:40:37] ============================================================
[18:40:37] stonewang RTG 2.0 Live Trading -- Profit Protection + Progressive Trailing + Volume Breakout
[18:40:37] Entry: RTG (vol >= 1.5x prior) / GapGo DISABLED
[18:40:37] Exit: adaptive by RVOL tier | time 0s
[18:40:37] Window: 09:30-15:59 EST
[18:40:37] Sizing: RVOL-weighted (50%/35%/20%) | max 8 concurrent | re-entry max 0
[18:40:37] Volume breakout: every 300s, min RVOL=3.0×, price $0.50-$20.00
[18:40:37] ============================================================
[18:40:37] Testing data connectivity...
[18:40:39]   SPY bar received, OK!
[18:40:39] Connectivity OK!
[18:40:39] Market closed. Next: 2026-08-31
[18:40:39] Next event in 3759 min, sleeping...
[18:50:39] Next event in 3749 min, sleeping...
[19:00:39] Next event in 3739 min, sleeping...
[19:10:39] Next event in 3729 min, sleeping...
[19:20:39] Next event in 3719 min, sleeping...
[19:30:39] Next event in 3709 min, sleeping...
[19:40:39] Next event in 3699 min, sleeping...
[19:50:39] Next event in 3689 min, sleeping...
[20:00:39] Next event in 3679 min, sleeping...
[20:10:39] Next event in 3669 min, sleeping...
[20:20:39] Next event in 3659 min, sleeping...
[20:30:39] Next event in 3649 min, sleeping...
[20:40:39] Next event in 3639 min, sleeping...
[20:50:39] Next event in 3629 min, sleeping...
[21:00:39] Next event in 3619 min, sleeping...
[21:10:39] Next event in 3609 min, sleeping...
[21:20:39] Next event in 3599 min, sleeping...
[21:30:39] Next event in 3589 min, sleeping...
[21:40:39] Next event in 3579 min, sleeping...
[21:50:39] Next event in 3569 min, sleeping...
[22:00:39] Next event in 3559 min, sleeping...
[22:10:39] Next event in 3549 min, sleeping...
[22:20:39] Next event in 3539 min, sleeping...
[22:30:39] Next event in 3529 min, sleeping...
[22:40:40] Next event in 3519 min, sleeping...
[22:50:40] Next event in 3509 min, sleeping...
[23:00:40] Next event in 3499 min, sleeping...
[23:10:40] Next event in 3489 min, sleeping...
[23:20:39] Next event in 3479 min, sleeping...
[23:30:39] Next event in 3469 min, sleeping...
[23:40:39] Next event in 3459 min, sleeping...
[23:50:39] Next event in 3449 min, sleeping...
[00:00:40] Next event in 3439 min, sleeping...
[00:10:40] Next event in 3429 min, sleeping...
[00:20:40] Next event in 3419 min, sleeping...
[00:30:40] Next event in 3409 min, sleeping...
[00:40:40] Next event in 3399 min, sleeping...
[00:50:40] Next event in 3389 min, sleeping...
[01:00:40] Next event in 3379 min, sleeping...
[01:10:40] Next event in 3369 min, sleeping...
[01:20:40] Next event in 3359 min, sleeping...
[01:30:40] Next event in 3349 min, sleeping...
[01:40:40] Next event in 3339 min, sleeping...
[01:50:40] Next event in 3329 min, sleeping...
[02:00:40] Next event in 3319 min, sleeping...
[02:10:40] Next event in 3309 min, sleeping...
[02:20:40] Next event in 3299 min, sleeping...
[02:30:40] Next event in 3289 min, sleeping...
[02:40:40] Next event in 3279 min, sleeping...
[02:50:40] Next event in 3269 min, sleeping...
[03:00:40] Next event in 3259 min, sleeping...
[03:10:40] Next event in 3249 min, sleeping...
[03:20:40] Next event in 3239 min, sleeping...
[03:30:40] Next event in 3229 min, sleeping...
[03:40:40] Next event in 3219 min, sleeping...
[03:50:40] Next event in 3209 min, sleeping...
[04:00:40] Next event in 3199 min, sleeping...
[04:10:40] Next event in 3189 min, sleeping...
[04:20:40] Next event in 3179 min, sleeping...
[04:30:40] Next event in 3169 min, sleeping...
[04:40:40] Next event in 3159 min, sleeping...
[04:50:40] Next event in 3149 min, sleeping...
[05:00:40] Next event in 3139 min, sleeping...
[05:10:40] Next event in 3129 min, sleeping...
[05:20:40] Next event in 3119 min, sleeping...
[05:30:40] Next event in 3109 min, sleeping...
[05:40:40] Next event in 3099 min, sleeping...
[05:50:40] Next event in 3089 min, sleeping...
[06:00:40] Next event in 3079 min, sleeping...
[06:10:40] Next event in 3069 min, sleeping...
[06:20:40] Next event in 3059 min, sleeping...
[06:30:40] Next event in 3049 min, sleeping...
[06:40:40] Next event in 3039 min, sleeping...
[06:50:40] Next event in 3029 min, sleeping...
[07:00:40] Next event in 3019 min, sleeping...
[07:10:40] Next event in 3009 min, sleeping...
[07:20:40] Next event in 2999 min, sleeping...
[07:30:40] Next event in 2989 min, sleeping...
[07:40:40] Next event in 2979 min, sleeping...
[07:50:40] Next event in 2969 min, sleeping...
[08:00:40] Next event in 2959 min, sleeping...
[08:10:40] Next event in 2949 min, sleeping...
[08:20:40] Next event in 2939 min, sleeping...
[08:30:40] Next event in 2929 min, sleeping...
[08:40:40] Next event in 2919 min, sleeping...
[08:50:40] Next event in 2909 min, sleeping...
[09:00:40] Next event in 2899 min, sleeping...
[09:10:40] Next event in 2889 min, sleeping...
[09:20:40] Next event in 2879 min, sleeping...
[09:30:40] Next event in 2869 min, sleeping...
[09:40:40] Next event in 2859 min, sleeping...
[09:50:40] Next event in 2849 min, sleeping...
[10:00:40] Next event in 2839 min, sleeping...
[10:10:40] Next event in 2829 min, sleeping...
[10:20:40] Next event in 2819 min, sleeping...
[10:30:40] Next event in 2809 min, sleeping...
[10:40:40] Next event in 2799 min, sleeping...
[10:50:40] Next event in 2789 min, sleeping...
[11:00:40] Next event in 2779 min, sleeping...
[11:10:40] Next event in 2769 min, sleeping...
[11:20:40] Next event in 2759 min, sleeping...
[11:30:40] Next event in 2749 min, sleeping...
[11:40:40] Next event in 2739 min, sleeping...
[11:50:40] Next event in 2729 min, sleeping...
[12:00:40] Next event in 2719 min, sleeping...
[12:10:40] Next event in 2709 min, sleeping...
[12:20:40] Next event in 2699 min, sleeping...
[12:30:40] Next event in 2689 min, sleeping...
[12:40:40] Next event in 2679 min, sleeping...
[12:50:40] Next event in 2669 min, sleeping...
[13:00:40] Next event in 2659 min, sleeping...
[13:10:40] Next event in 2649 min, sleeping...
[13:20:40] Next event in 2639 min, sleeping...
[13:30:40] Next event in 2629 min, sleeping...
[13:40:40] Next event in 2619 min, sleeping...
[13:50:40] Next event in 2609 min, sleeping...
[14:00:40] Next event in 2599 min, sleeping...
[14:10:40] Next event in 2589 min, sleeping...
[14:20:40] Next event in 2579 min, sleeping...
[14:30:40] Next event in 2569 min, sleeping...
[14:40:40] Next event in 2559 min, sleeping...
[14:50:40] Next event in 2549 min, sleeping...
[15:00:41] Next event in 2539 min, sleeping...
[15:10:41] Next event in 2529 min, sleeping...
[15:20:41] Next event in 2519 min, sleeping...
[15:30:41] Next event in 2509 min, sleeping...
[15:40:41] Next event in 2499 min, sleeping...
[15:50:41] Next event in 2489 min, sleeping...
[16:00:41] Next event in 2479 min, sleeping...
[16:10:41] Next event in 2469 min, sleeping...
[16:20:41] Next event in 2459 min, sleeping...
[16:30:41] Next event in 2449 min, sleeping...
[16:40:41] Next event in 2439 min, sleeping...
[16:50:41] Next event in 2429 min, sleeping...
[17:00:41] Next event in 2419 min, sleeping...
[17:10:41] Next event in 2409 min, sleeping...
[17:20:41] Next event in 2399 min, sleeping...
[17:30:41] Next event in 2389 min, sleeping...
[17:40:41] Next event in 2379 min, sleeping...
[17:50:41] Next event in 2369 min, sleeping...
[18:00:41] Next event in 2359 min, sleeping...
[18:10:41] Next event in 2349 min, sleeping...
[18:20:41] Next event in 2339 min, sleeping...
[18:30:41] Next event in 2329 min, sleeping...
[18:40:41] Next event in 2319 min, sleeping...
[18:50:41] Next event in 2309 min, sleeping...
[19:00:41] Next event in 2299 min, sleeping...
[19:10:41] Next event in 2289 min, sleeping...
[19:20:41] Next event in 2279 min, sleeping...
[19:30:41] Next event in 2269 min, sleeping...
[19:40:41] Next event in 2259 min, sleeping...
[19:50:41] Next event in 2249 min, sleeping...
[20:00:41] Next event in 2239 min, sleeping...
[20:10:41] Next event in 2229 min, sleeping...
[20:20:41] Next event in 2219 min, sleeping...
[20:30:41] Next event in 2209 min, sleeping...
[20:40:41] Next event in 2199 min, sleeping...
[20:50:41] Next event in 2189 min, sleeping...
[21:00:41] Next event in 2179 min, sleeping...
[21:10:41] Next event in 2169 min, sleeping...
[21:20:41] Next event in 2159 min, sleeping...
[21:30:41] Next event in 2149 min, sleeping...
[21:40:41] Next event in 2139 min, sleeping...
[21:50:41] Next event in 2129 min, sleeping...
[22:00:41] Next event in 2119 min, sleeping...
[22:10:41] Next event in 2109 min, sleeping...
[22:20:41] Next event in 2099 min, sleeping...
[22:30:41] Next event in 2089 min, sleeping...
[22:40:41] Next event in 2079 min, sleeping...
[22:50:41] Next event in 2069 min, sleeping...
[23:00:41] Next event in 2059 min, sleeping...
[23:10:41] Next event in 2049 min, sleeping...
[23:20:41] Next event in 2039 min, sleeping...
[23:30:41] Next event in 2029 min, sleeping...
[23:40:41] Next event in 2019 min, sleeping...
[23:50:41] Next event in 2009 min, sleeping...
[00:00:41] Next event in 1999 min, sleeping...
[00:10:41] Next event in 1989 min, sleeping...
[00:20:41] Next event in 1979 min, sleeping...
[00:30:41] Next event in 1969 min, sleeping...
[00:40:41] Next event in 1959 min, sleeping...
[00:50:41] Next event in 1949 min, sleeping...
[01:00:41] Next event in 1939 min, sleeping...
[01:10:41] Next event in 1929 min, sleeping...
[01:20:41] Next event in 1919 min, sleeping...
[01:30:41] Next event in 1909 min, sleeping...
[01:40:41] Next event in 1899 min, sleeping...
[01:50:41] Next event in 1889 min, sleeping...
[02:00:41] Next event in 1879 min, sleeping...
[02:10:41] Next event in 1869 min, sleeping...
[02:20:41] Next event in 1859 min, sleeping...
[02:30:41] Next event in 1849 min, sleeping...
[02:40:41] Next event in 1839 min, sleeping...
[02:50:41] Next event in 1829 min, sleeping...
[03:00:41] Next event in 1819 min, sleeping...
[03:10:41] Next event in 1809 min, sleeping...
[03:20:41] Next event in 1799 min, sleeping...
[03:30:41] Next event in 1789 min, sleeping...
[03:40:41] Next event in 1779 min, sleeping...
[03:50:41] Next event in 1769 min, sleeping...
[04:00:41] Next event in 1759 min, sleeping...
[04:10:41] Next event in 1749 min, sleeping...
[04:20:41] Next event in 1739 min, sleeping...
[04:30:42] Next event in 1729 min, sleeping...
[04:40:42] Next event in 1719 min, sleeping...
[04:50:42] Next event in 1709 min, sleeping...
[05:00:42] Next event in 1699 min, sleeping...
[05:10:42] Next event in 1689 min, sleeping...
[05:20:42] Next event in 1679 min, sleeping...
[05:30:42] Next event in 1669 min, sleeping...
[05:40:42] Next event in 1659 min, sleeping...
[05:50:42] Next event in 1649 min, sleeping...
[06:00:42] Next event in 1639 min, sleeping...
[06:10:42] Next event in 1629 min, sleeping...
[06:20:42] Next event in 1619 min, sleeping...
[06:30:42] Next event in 1609 min, sleeping...
[06:40:42] Next event in 1599 min, sleeping...
[06:50:42] Next event in 1589 min, sleeping...
[07:00:42] Next event in 1579 min, sleeping...
[07:10:42] Next event in 1569 min, sleeping...
[07:20:42] Next event in 1559 min, sleeping...
[07:30:42] Next event in 1549 min, sleeping...
[07:40:42] Next event in 1539 min, sleeping...
[07:50:42] Next event in 1529 min, sleeping...
[08:00:42] Next event in 1519 min, sleeping...
[08:10:42] Next event in 1509 min, sleeping...
[08:20:42] Next event in 1499 min, sleeping...
[08:30:42] Next event in 1489 min, sleeping...
[08:40:42] Next event in 1479 min, sleeping...
[08:50:42] Next event in 1469 min, sleeping...
[09:00:42] Next event in 1459 min, sleeping...
[09:10:42] Next event in 1449 min, sleeping...
[09:20:42] Next event in 1439 min, sleeping...
[09:30:42] Next event in 1429 min, sleeping...
[09:40:42] Next event in 1419 min, sleeping...
[09:50:42] Next event in 1409 min, sleeping...
[10:00:42] Next event in 1399 min, sleeping...
[10:10:42] Next event in 1389 min, sleeping...
[10:20:42] Next event in 1379 min, sleeping...
[10:30:42] Next event in 1369 min, sleeping...
[10:40:42] Next event in 1359 min, sleeping...
[10:50:42] Next event in 1349 min, sleeping...
[11:00:42] Next event in 1339 min, sleeping...
[11:10:42] Next event in 1329 min, sleeping...
[11:20:42] Next event in 1319 min, sleeping...
[11:30:42] Next event in 1309 min, sleeping...
[11:40:42] Next event in 1299 min, sleeping...
[11:50:42] Next event in 1289 min, sleeping...
[12:00:42] Next event in 1279 min, sleeping...
[12:10:42] Next event in 1269 min, sleeping...
[12:20:42] Next event in 1259 min, sleeping...
[12:30:42] Next event in 1249 min, sleeping...
[12:40:42] Next event in 1239 min, sleeping...
[12:50:42] Next event in 1229 min, sleeping...
[13:00:42] Next event in 1219 min, sleeping...
[13:10:42] Next event in 1209 min, sleeping...
[13:20:42] Next event in 1199 min, sleeping...
[13:30:42] Next event in 1189 min, sleeping...
[13:40:42] Next event in 1179 min, sleeping...
[13:50:42] Next event in 1169 min, sleeping...
[14:00:42] Next event in 1159 min, sleeping...
[14:10:42] Next event in 1149 min, sleeping...
[14:20:42] Next event in 1139 min, sleeping...
[14:30:42] Next event in 1129 min, sleeping...
[14:40:42] Next event in 1119 min, sleeping...
[14:50:42] Next event in 1109 min, sleeping...
[15:00:42] Next event in 1099 min, sleeping...
[15:10:42] Next event in 1089 min, sleeping...
[15:20:42] Next event in 1079 min, sleeping...
[15:30:42] Next event in 1069 min, sleeping...
[15:40:42] Next event in 1059 min, sleeping...
[15:50:42] Next event in 1049 min, sleeping...
[16:00:42] Next event in 1039 min, sleeping...
[16:10:42] Next event in 1029 min, sleeping...
[16:20:42] Next event in 1019 min, sleeping...
[16:30:42] Next event in 1009 min, sleeping...
[16:40:42] Next event in 999 min, sleeping...
[16:50:42] Next event in 989 min, sleeping...
[17:00:42] Next event in 979 min, sleeping...
[17:10:42] Next event in 969 min, sleeping...
[17:20:42] Next event in 959 min, sleeping...
[17:30:42] Next event in 949 min, sleeping...
[17:40:42] Next event in 939 min, sleeping...
[17:50:42] Next event in 929 min, sleeping...
[18:00:43] Next event in 919 min, sleeping...
[18:10:43] Next event in 909 min, sleeping...
[18:20:43] Next event in 899 min, sleeping...
[18:30:43] Next event in 889 min, sleeping...
[18:40:43] Next event in 879 min, sleeping...
[18:50:42] Next event in 869 min, sleeping...
[19:00:43] Next event in 859 min, sleeping...
[19:10:43] Next event in 849 min, sleeping...
[19:20:43] Next event in 839 min, sleeping...
[19:30:43] Next event in 829 min, sleeping...
[19:40:43] Next event in 819 min, sleeping...
[19:50:43] Next event in 809 min, sleeping...
[20:00:43] Next event in 799 min, sleeping...
[20:10:43] Next event in 789 min, sleeping...
[20:20:43] Next event in 779 min, sleeping...
[20:30:43] Next event in 769 min, sleeping...
[20:40:43] Next event in 759 min, sleeping...
[20:50:43] Next event in 749 min, sleeping...
[21:00:43] Next event in 739 min, sleeping...
[21:10:43] Next event in 729 min, sleeping...
[21:20:43] Next event in 719 min, sleeping...
[21:30:43] Next event in 709 min, sleeping...
[21:40:43] Next event in 699 min, sleeping...
[21:50:43] Next event in 689 min, sleeping...
[22:00:43] Next event in 679 min, sleeping...
[22:10:43] Next event in 669 min, sleeping...
[22:20:43] Next event in 659 min, sleeping...
[22:30:43] Next event in 649 min, sleeping...
[22:40:43] Next event in 639 min, sleeping...
[22:50:43] Next event in 629 min, sleeping...
[23:00:43] Next event in 619 min, sleeping...
[23:10:43] Next event in 609 min, sleeping...
[23:20:43] Next event in 599 min, sleeping...
[23:30:43] Next event in 589 min, sleeping...
[23:40:43] Next event in 579 min, sleeping...
[23:50:43] Next event in 569 min, sleeping...
[00:00:43] Next event in 559 min, sleeping...
[00:05:53] Using SIP data feed
[00:05:53] ============================================================
[00:05:53] stonewang RTG 2.0 Live Trading -- ATR Adaptive Stop + Profit Protection + Volume Breakout
[00:05:53] Entry: RTG (vol >= 1.5x prior) / GapGo DISABLED
[00:05:53] Exit: ATR-based adaptive stop (RVOL→ATR mult) | time 0s
[00:05:53]   Stop: RVOL>10x→3.0×ATR, RVOL>5x→2.5×ATR, RVOL>0x→2.0×ATR | clamp 2%-10%
[00:05:53]   Trail: 1.5×ATR | Target: 5.0×ATR
[00:05:53] Window: 09:30-15:59 EST
[00:05:53] Sizing: RVOL-weighted (50%/35%/20%) | max 8 concurrent | re-entry max 0
[00:05:53] Volume breakout: every 300s, min RVOL=3.0×, price $0.50-$20.00
[00:05:53] ============================================================
[00:05:53] Testing data connectivity...
[00:05:55] Connectivity failed: {"message":"subscription does not permit querying recent SIP data"}

[00:05:55] Connectivity failed, exiting
[00:06:49] Using SIP data feed
[00:06:49] ============================================================
[00:06:49] stonewang RTG 2.0 Live Trading -- ATR Adaptive Stop + Profit Protection + Volume Breakout
[00:06:49] Entry: RTG (vol >= 1.5x prior) / GapGo DISABLED
[00:06:49] Exit: ATR-based adaptive stop (RVOL→ATR mult) | time 0s
[00:06:49]   Stop: RVOL>10x→3.0×ATR, RVOL>5x→2.5×ATR, RVOL>0x→2.0×ATR | clamp 2%-10%
[00:06:49]   Trail: 1.5×ATR | Target: 5.0×ATR
[00:06:49] Window: 09:30-15:59 EST
[00:06:49] Sizing: RVOL-weighted (50%/35%/20%) | max 8 concurrent | re-entry max 0
[00:06:49] Volume breakout: every 300s, min RVOL=3.0×, price $0.50-$20.00
[00:06:49] ============================================================
[00:06:49] Testing data connectivity...
[00:06:51]   SPY bar received, OK!
[00:06:51] Connectivity OK!
[00:06:51] Next event in 548 min, sleeping...
[00:16:51] Next event in 538 min, sleeping...
[00:26:51] Next event in 528 min, sleeping...
[00:36:51] Next event in 518 min, sleeping...
[00:46:51] Next event in 508 min, sleeping...
[00:56:51] Next event in 498 min, sleeping...
[01:06:51] Next event in 488 min, sleeping...
[01:16:51] Next event in 478 min, sleeping...
